Information: Propagating switching activity (low effort zero delay simulation). (PWR-6)
Warning: Design has unannotated primary inputs. (PWR-414)
Warning: Design has unannotated sequential cell outputs. (PWR-415)
 
****************************************
Report : power
        -analysis_effort low
Design : Special_PU
Version: P-2019.03-SP5
Date   : Mon Oct 30 02:53:25 2023
****************************************


Library(s) Used:

    tcbn28hpcplusbwp30p140ssg0p81v125c (File: /nfs/project/Yonghao/gqa/lib/t28hpcplus/nldm/tcbn28hpcplusbwp30p140ssg0p81v125c.db)


Operating Conditions: ssg0p81v125c   Library: tcbn28hpcplusbwp30p140ssg0p81v125c
Wire Load Model Mode: top

Design        Wire Load Model            Library
------------------------------------------------
Special_PU             ZeroWireload      tcbn28hpcplusbwp30p140ssg0p81v125c


Global Operating Voltage = 0.81 
Power-specific unit information :
    Voltage Units = 1V
    Capacitance Units = 1.000000pf
    Time Units = 1ns
    Dynamic Power Units = 1mW    (derived from V,C,T units)
    Leakage Power Units = 1nW


  Cell Internal Power  =  75.9677 mW   (91%)
  Net Switching Power  =   7.7870 mW    (9%)
                         ---------
Total Dynamic Power    =  83.7547 mW  (100%)

Cell Leakage Power     =  14.9557 mW


                 Internal         Switching           Leakage            Total
Power Group      Power            Power               Power              Power   (   %    )  Attrs
--------------------------------------------------------------------------------------------------
io_pad             0.0000            0.0000            0.0000            0.0000  (   0.00%)
memory             0.0000            0.0000            0.0000            0.0000  (   0.00%)
black_box          0.0000            0.0000            0.0000            0.0000  (   0.00%)
clock_network      0.0000            0.0000            0.0000            0.0000  (   0.00%)
register          68.8429            0.6201        4.4596e+06           73.9194  (  74.89%)
sequential         0.0000            0.0000            0.0000            0.0000  (   0.00%)
combinational      7.1230            7.1666        1.0496e+07           24.7850  (  25.11%)
--------------------------------------------------------------------------------------------------
Total             75.9660 mW         7.7867 mW     1.4956e+07 nW        98.7043 mW
1
